[ok] 93a389a8de method/NL messaging mixed seed=0 {'success': 0.8625, 'steps': 57.9625, 'spl': 0.49466398168051
[ok] f7fa994d05 baseline/Symbolic messaging mixed seed=0 {'success': 0.875, 'steps': 55.825, 'spl': 0.52249753
[ok] 32863f206d method/NL messaging mixed seed=1 {'success': 0.8875, 'steps': 62.0625, 'spl': 0.51031856457442
[ok] 602b626934 baseline/Symbolic messaging mixed seed=1 {'success': 0.8875, 'steps': 59.7875, 'spl': 0.535800
[ok] 81145eff8e method/NL messaging mixed seed=2 {'success': 0.8125, 'steps': 64.6125, 'spl': 0.42523464543719
[ok] e34dd79112 baseline/Symbolic messaging mixed seed=2 {'success': 0.825, 'steps': 63.1875, 'spl': 0.4443637
[ok] 0c32f103e1 method/NL messaging mixed seed=3 {'success': 0.825, 'steps': 59.875, 'spl': 0.4534341612118132
[ok] 07dcbbf5a1 baseline/Symbolic messaging mixed seed=3 {'success': 0.825, 'steps': 60.275, 'spl': 0.45967974
[ok] 7ab59b97d1 method/NL messaging mixed seed=4 {'success': 0.8625, 'steps': 58.0875, 'spl': 0.47313326015860
[ok] 6fbe4754ee baseline/Symbolic messaging mixed seed=4 {'success': 0.8625, 'steps': 57.15, 'spl': 0.48785088
[ok] 72ab1ff14e method/NL messaging mixed seed=0 {'success': 0.8875, 'steps': 58.2875, 'spl': 0.49973114297852
[ok] 801b520a23 baseline/Symbolic messaging mixed seed=0 {'success': 0.875, 'steps': 55.5, 'spl': 0.5214951813
[ok] 9047bd375a method/NL messaging mixed seed=1 {'success': 0.8875, 'steps': 61.5, 'spl': 0.5098142843950353,
[ok] d3aa925afe baseline/Symbolic messaging mixed seed=1 {'success': 0.8875, 'steps': 59.6875, 'spl': 0.530979
[ok] 8631a0d006 method/NL messaging mixed seed=2 {'success': 0.8, 'steps': 64.8, 'spl': 0.4121165454241032, 'm
[ok] 75ac3cda70 baseline/Symbolic messaging mixed seed=2 {'success': 0.825, 'steps': 63.0125, 'spl': 0.4419700
[ok] b5c9008016 method/NL messaging mixed seed=3 {'success': 0.825, 'steps': 58.6375, 'spl': 0.455453775059475
[ok] fe394e23e9 baseline/Symbolic messaging mixed seed=3 {'success': 0.8375, 'steps': 59.075, 'spl': 0.4620821
[ok] cc0878b9dc method/NL messaging mixed seed=4 {'success': 0.85, 'steps': 60.825, 'spl': 0.4489717986106482,
[ok] 641e51f61b baseline/Symbolic messaging mixed seed=4 {'success': 0.85, 'steps': 59.2, 'spl': 0.46907008963
[ok] 1d7735a420 method/NL messaging mixed seed=0 {'success': 0.825, 'steps': 59.7, 'spl': 0.47737833988985745,
[ok] ea87ce3ead baseline/Symbolic messaging mixed seed=0 {'success': 0.85, 'steps': 56.875, 'spl': 0.497863907
[ok] f578e04b88 method/NL messaging mixed seed=1 {'success': 0.8875, 'steps': 65.3875, 'spl': 0.47135922550275
[ok] 3fc4de9275 baseline/Symbolic messaging mixed seed=1 {'success': 0.85, 'steps': 62.975, 'spl': 0.485644685
[ok] fcd6f6de4f method/NL messaging mixed seed=2 {'success': 0.825, 'steps': 67.2625, 'spl': 0.401167103342520
[ok] 5b479a00b8 baseline/Symbolic messaging mixed seed=2 {'success': 0.825, 'steps': 65.925, 'spl': 0.41514376
[ok] af49ab9d77 method/NL messaging mixed seed=3 {'success': 0.825, 'steps': 61.8, 'spl': 0.44025609483002615,
[ok] 526ffc7599 baseline/Symbolic messaging mixed seed=3 {'success': 0.8, 'steps': 62.7875, 'spl': 0.429943431
[ok] 42dfbffc7c method/NL messaging mixed seed=4 {'success': 0.85, 'steps': 61.4875, 'spl': 0.4486540381031176
[ok] ad93e6a58f baseline/Symbolic messaging mixed seed=4 {'success': 0.85, 'steps': 59.4375, 'spl': 0.46373078
[ok] 3646e48587 method/NL messaging mixed seed=0 {'success': 0.8875, 'steps': 58.4875, 'spl': 0.49893698954087
[ok] ef5493e256 baseline/Symbolic messaging mixed seed=0 {'success': 0.85, 'steps': 56.975, 'spl': 0.505319673
[ok] 81ee3da4a6 method/NL messaging mixed seed=1 {'success': 0.8625, 'steps': 66.2375, 'spl': 0.44989214201124
[ok] 64adfab291 baseline/Symbolic messaging mixed seed=1 {'success': 0.8625, 'steps': 64.025, 'spl': 0.4702070
[ok] 2de6b0b22a method/NL messaging mixed seed=2 {'success': 0.8, 'steps': 68.575, 'spl': 0.38760633442580666,
[ok] 3e56314388 baseline/Symbolic messaging mixed seed=2 {'success': 0.8125, 'steps': 66.775, 'spl': 0.4090792
[ok] 1e488f4b4d method/NL messaging mixed seed=3 {'success': 0.8625, 'steps': 62.5625, 'spl': 0.43428258643637
[ok] 0410749032 baseline/Symbolic messaging mixed seed=3 {'success': 0.8125, 'steps': 64.9625, 'spl': 0.406540
[ok] a21c6d034c method/NL messaging mixed seed=4 {'success': 0.825, 'steps': 62.5375, 'spl': 0.427075263703792
[ok] aa712836de baseline/Symbolic messaging mixed seed=4 {'success': 0.825, 'steps': 60.675, 'spl': 0.44066279
[ok] d3b845f26a method/NL messaging mixed seed=0 {'success': 0.8875, 'steps': 58.2875, 'spl': 0.49979836402185
[ok] 3836008a5b baseline/Symbolic messaging mixed seed=0 {'success': 0.875, 'steps': 55.85, 'spl': 0.519802957
[ok] b2a291a305 method/NL messaging mixed seed=1 {'success': 0.8875, 'steps': 61.475, 'spl': 0.509979453528227
[ok] 9527e3a425 baseline/Symbolic messaging mixed seed=1 {'success': 0.8875, 'steps': 60.275, 'spl': 0.5274862
[ok] 4f64dc206e method/NL messaging mixed seed=2 {'success': 0.8, 'steps': 64.8, 'spl': 0.41217082044623493, '
[ok] 2926756314 baseline/Symbolic messaging mixed seed=2 {'success': 0.85, 'steps': 61.5125, 'spl': 0.45912043
[ok] 823a4d8a27 method/NL messaging mixed seed=3 {'success': 0.825, 'steps': 58.7, 'spl': 0.45493651535050283,
[ok] 2591008c82 baseline/Symbolic messaging mixed seed=3 {'success': 0.8625, 'steps': 58.2375, 'spl': 0.475974
[ok] c092c7f7b8 method/NL messaging mixed seed=4 {'success': 0.85, 'steps': 60.8, 'spl': 0.44901328732212686, 
[ok] 9ccf428380 baseline/Symbolic messaging mixed seed=4 {'success': 0.8375, 'steps': 59.45, 'spl': 0.46440298
[ok] eb4bcd3540 method/NL messaging mixed seed=0 {'success': 0.8875, 'steps': 58.2875, 'spl': 0.49973114297852
[ok] 0f40748b27 baseline/Symbolic messaging mixed seed=0 {'success': 0.875, 'steps': 55.5, 'spl': 0.5214951813
[ok] 6be33d4676 method/NL messaging mixed seed=1 {'success': 0.8875, 'steps': 61.5, 'spl': 0.5098142843950353,
[ok] 90d26bd9a2 baseline/Symbolic messaging mixed seed=1 {'success': 0.8875, 'steps': 59.6875, 'spl': 0.530979
[ok] 43783c41e6 method/NL messaging mixed seed=2 {'success': 0.8, 'steps': 64.8, 'spl': 0.4121165454241032, 'm
[ok] b09e271215 baseline/Symbolic messaging mixed seed=2 {'success': 0.825, 'steps': 63.0125, 'spl': 0.4419700
[ok] 6acab3c1b7 method/NL messaging mixed seed=3 {'success': 0.825, 'steps': 58.6375, 'spl': 0.455453775059475
[ok] 08b08bc592 baseline/Symbolic messaging mixed seed=3 {'success': 0.8375, 'steps': 59.075, 'spl': 0.4620821
[ok] 8951236948 method/NL messaging mixed seed=4 {'success': 0.85, 'steps': 60.825, 'spl': 0.4489717986106482,
[ok] c222a71b7a baseline/Symbolic messaging mixed seed=4 {'success': 0.85, 'steps': 59.2, 'spl': 0.46907008963
[ok] 3d53d75a71 method/NL messaging mixed seed=0 {'success': 0.8875, 'steps': 59.2125, 'spl': 0.48936185767485
[ok] 8e55b6567b baseline/Symbolic messaging mixed seed=0 {'success': 0.875, 'steps': 56.2875, 'spl': 0.5107487
[ok] 2c721de6b6 method/NL messaging mixed seed=1 {'success': 0.8625, 'steps': 62.55, 'spl': 0.4942616666729845
[ok] 19211e035b baseline/Symbolic messaging mixed seed=1 {'success': 0.8875, 'steps': 60.075, 'spl': 0.5255718
[ok] 152fd42483 method/NL messaging mixed seed=2 {'success': 0.7875, 'steps': 66.1875, 'spl': 0.39766680668234
[ok] e7f500d47f baseline/Symbolic messaging mixed seed=2 {'success': 0.85, 'steps': 62.8125, 'spl': 0.44760492
[ok] fb63827228 method/NL messaging mixed seed=3 {'success': 0.8, 'steps': 59.3875, 'spl': 0.4438216588002858,
[ok] a184bc9df3 baseline/Symbolic messaging mixed seed=3 {'success': 0.85, 'steps': 59.2, 'spl': 0.46218170997
[ok] 1f474d07ce method/NL messaging mixed seed=4 {'success': 0.85, 'steps': 60.85, 'spl': 0.4487007217652411, 
[ok] 2bb85314c2 baseline/Symbolic messaging mixed seed=4 {'success': 0.825, 'steps': 60.3625, 'spl': 0.4550146
./experiments/run_ablations.sh sweeps1  240.63s user 8.02s system 99% cpu 4:09.05 total
