[ok] fe5d852fa1 ablation/NL, priority rule mixed seed=0 {'success': 0.825, 'steps': 62.4, 'spl': 0.45268691789
[ok] d93f3f9ec3 ablation/Symbolic, priority rule mixed seed=0 {'success': 0.8375, 'steps': 57.9625, 'spl': 0.4
[ok] 3d7e7f7d62 ablation/Symbolic messaging mixed seed=0 {'success': 0.875, 'steps': 55.5, 'spl': 0.5214951813
[ok] c97610d1e8 ablation/NL, two ground robots, priority rule mixed seed=0 {'success': 0.8125, 'steps': 59.75,
[ok] 0e50591143 ablation/NL, two aerial robots, priority rule mixed seed=0 {'success': 0.625, 'steps': 86.075,
[ok] f6ac4f8c63 ablation/NL, priority rule mixed seed=1 {'success': 0.8375, 'steps': 63.3375, 'spl': 0.4849938
[ok] d8440cf4b5 ablation/Symbolic, priority rule mixed seed=1 {'success': 0.8625, 'steps': 61.0375, 'spl': 0.5
[ok] 16e0291002 ablation/Symbolic messaging mixed seed=1 {'success': 0.8875, 'steps': 59.6875, 'spl': 0.530979
[ok] 209978ad5d ablation/NL, two ground robots, priority rule mixed seed=1 {'success': 0.7, 'steps': 70.0, 'sp
[ok] 8dcfb447a9 ablation/NL, two aerial robots, priority rule mixed seed=1 {'success': 0.6625, 'steps': 84.012
[ok] a358017b07 ablation/NL, priority rule mixed seed=2 {'success': 0.7625, 'steps': 66.8, 'spl': 0.3934200610
[ok] 113a034ce6 ablation/Symbolic, priority rule mixed seed=2 {'success': 0.775, 'steps': 63.65, 'spl': 0.4247
[ok] d2e3c5565a ablation/Symbolic messaging mixed seed=2 {'success': 0.825, 'steps': 63.0125, 'spl': 0.4419700
[ok] 59f70b97cb ablation/NL, two ground robots, priority rule mixed seed=2 {'success': 0.7625, 'steps': 63.8, 
[ok] 5c3802730d ablation/NL, two aerial robots, priority rule mixed seed=2 {'success': 0.5125, 'steps': 89.937
[ok] 242efb913a ablation/NL, priority rule mixed seed=3 {'success': 0.8, 'steps': 62.35, 'spl': 0.430114393209
[ok] 8affb6efec ablation/Symbolic, priority rule mixed seed=3 {'success': 0.775, 'steps': 62.2375, 'spl': 0.42
[ok] 0262dd2299 ablation/Symbolic messaging mixed seed=3 {'success': 0.8375, 'steps': 59.075, 'spl': 0.4620821
[ok] e2df4a9195 ablation/NL, two ground robots, priority rule mixed seed=3 {'success': 0.7375, 'steps': 65.212
[ok] d879234e45 ablation/NL, two aerial robots, priority rule mixed seed=3 {'success': 0.55, 'steps': 85.8, 's
[ok] 1fdd4fe846 ablation/NL, priority rule mixed seed=4 {'success': 0.825, 'steps': 60.9375, 'spl': 0.43626007
[ok] 2bed61734e ablation/Symbolic, priority rule mixed seed=4 {'success': 0.825, 'steps': 59.65, 'spl': 0.4522
[ok] b9d1800afa ablation/Symbolic messaging mixed seed=4 {'success': 0.85, 'steps': 59.2, 'spl': 0.46907008963
[ok] db8884934c ablation/NL, two ground robots, priority rule mixed seed=4 {'success': 0.85, 'steps': 60.5125,
[ok] b1076f82fc ablation/NL, two aerial robots, priority rule mixed seed=4 {'success': 0.5375, 'steps': 88.062
