[ok] 0aba2173e8 method/NL messaging exact seed=0 {'success': 0.85, 'steps': 60.375, 'spl': 0.4674102654906739,
[ok] 65486361ac baseline/Symbolic messaging exact seed=0 {'success': 0.85, 'steps': 57.875, 'spl': 0.499433048
[ok] 0142676c6a baseline/Frontier team, no comm exact seed=0 {'success': 0.775, 'steps': 66.125, 'spl': 0.4105
[ok] c655f9f365 baseline/Single ground frontier exact seed=0 {'success': 0.675, 'steps': 70.925, 'spl': 0.3387
[ok] 4dd567a7d9 baseline/Random-walk team exact seed=0 {'success': 0.025, 'steps': 98.35, 'spl': 0.00955882352
[ok] 129184dca9 baseline/Oracle sharing exact seed=0 {'success': 0.825, 'steps': 56.075, 'spl': 0.525223902577
[ok] 9855d83e8f method/NL messaging synonym seed=0 {'success': 0.675, 'steps': 71.1, 'spl': 0.3633169237681717
[ok] d7683710d8 baseline/Symbolic messaging synonym seed=0 {'success': 0.7, 'steps': 69.125, 'spl': 0.38354118
[ok] 8ec588076a baseline/Frontier team, no comm synonym seed=0 {'success': 0.7, 'steps': 75.1, 'spl': 0.346566
[ok] 5d0b6e5e3d baseline/Single ground frontier synonym seed=0 {'success': 0.475, 'steps': 80.525, 'spl': 0.23
[ok] 10a037dc32 baseline/Random-walk team synonym seed=0 {'success': 0.0, 'steps': 100.0, 'spl': 0.0, 'msgs': 
[ok] 18c2dbebeb baseline/Oracle sharing synonym seed=0 {'success': 0.75, 'steps': 66.65, 'spl': 0.418341935747
[ok] 223f1ba11a method/NL messaging attribute seed=0 {'success': 0.825, 'steps': 69.375, 'spl': 0.371712001153
[ok] 48516beb4f baseline/Symbolic messaging attribute seed=0 {'success': 0.725, 'steps': 67.375, 'spl': 0.3730
[ok] f43657dec6 baseline/Frontier team, no comm attribute seed=0 {'success': 0.7, 'steps': 76.8, 'spl': 0.2940
[ok] 3977eec7ba baseline/Single ground frontier attribute seed=0 {'success': 0.4, 'steps': 83.55, 'spl': 0.177
[ok] 6f2074c683 baseline/Random-walk team attribute seed=0 {'success': 0.0, 'steps': 100.0, 'spl': 0.0, 'msgs'
[ok] 2ef0310ff9 baseline/Oracle sharing attribute seed=0 {'success': 0.85, 'steps': 62.5, 'spl': 0.44177868897
[ok] e3c2c8b1f1 method/NL messaging relational seed=0 {'success': 0.875, 'steps': 57.45, 'spl': 0.504786010282
[ok] 7468b4955e baseline/Symbolic messaging relational seed=0 {'success': 0.775, 'steps': 60.225, 'spl': 0.474
[ok] 9fc7324062 baseline/Frontier team, no comm relational seed=0 {'success': 0.875, 'steps': 65.7, 'spl': 0.4
[ok] 2b8787a6ea baseline/Single ground frontier relational seed=0 {'success': 0.55, 'steps': 75.7, 'spl': 0.27
[ok] 9c29e3bcdd baseline/Random-walk team relational seed=0 {'success': 0.05, 'steps': 98.875, 'spl': 0.010165
[ok] f2c04e5d7f baseline/Oracle sharing relational seed=0 {'success': 0.825, 'steps': 58.625, 'spl': 0.4971755
[ok] f0a345bd63 method/NL messaging exact seed=1 {'success': 0.9, 'steps': 61.25, 'spl': 0.47458862417387887, 
[ok] 12897889db baseline/Symbolic messaging exact seed=1 {'success': 0.9, 'steps': 56.9, 'spl': 0.520476934193
[ok] 456d2ed192 baseline/Frontier team, no comm exact seed=1 {'success': 0.8, 'steps': 75.55, 'spl': 0.3204070
[ok] 3a44216ab9 baseline/Single ground frontier exact seed=1 {'success': 0.55, 'steps': 81.65, 'spl': 0.217285
[ok] d732f7f2d5 baseline/Random-walk team exact seed=1 {'success': 0.025, 'steps': 98.525, 'spl': 0.0097560975
[ok] 0018873320 baseline/Oracle sharing exact seed=1 {'success': 0.95, 'steps': 54.625, 'spl': 0.5464935424876
[ok] 7a8a1dc141 method/NL messaging synonym seed=1 {'success': 0.9, 'steps': 63.55, 'spl': 0.507616449565557, 
[ok] 16a9732f7a baseline/Symbolic messaging synonym seed=1 {'success': 0.9, 'steps': 61.425, 'spl': 0.52648945
[ok] d8cbe3e7ef baseline/Frontier team, no comm synonym seed=1 {'success': 0.775, 'steps': 73.275, 'spl': 0.37
[ok] 515b020706 baseline/Single ground frontier synonym seed=1 {'success': 0.5, 'steps': 80.225, 'spl': 0.2404
[ok] c8fbf2bc43 baseline/Random-walk team synonym seed=1 {'success': 0.0, 'steps': 100.0, 'spl': 0.0, 'msgs': 
[ok] c82b71b14c baseline/Oracle sharing synonym seed=1 {'success': 0.925, 'steps': 58.775, 'spl': 0.5688361603
[ok] 67c0ba0ed3 method/NL messaging attribute seed=1 {'success': 0.85, 'steps': 67.025, 'spl': 0.4337124910818
[ok] 99a77d3279 baseline/Symbolic messaging attribute seed=1 {'success': 0.775, 'steps': 68.025, 'spl': 0.4085
[ok] 2355854447 baseline/Frontier team, no comm attribute seed=1 {'success': 0.825, 'steps': 70.35, 'spl': 0.3
[ok] d79adc3e6b baseline/Single ground frontier attribute seed=1 {'success': 0.45, 'steps': 80.175, 'spl': 0.2
[ok] b9cfb748cd baseline/Random-walk team attribute seed=1 {'success': 0.025, 'steps': 98.225, 'spl': 0.010344
[ok] 24b907b570 baseline/Oracle sharing attribute seed=1 {'success': 0.825, 'steps': 62.75, 'spl': 0.474910200
[ok] 59609e79af method/NL messaging relational seed=1 {'success': 0.85, 'steps': 62.675, 'spl': 0.477315251530
[ok] da3aee771b baseline/Symbolic messaging relational seed=1 {'success': 0.775, 'steps': 61.425, 'spl': 0.478
[ok] 1211398075 baseline/Frontier team, no comm relational seed=1 {'success': 0.875, 'steps': 67.95, 'spl': 0.
[ok] 2f08b27c92 baseline/Single ground frontier relational seed=1 {'success': 0.45, 'steps': 78.4, 'spl': 0.22
[ok] 56582ef185 baseline/Random-walk team relational seed=1 {'success': 0.0, 'steps': 100.0, 'spl': 0.0, 'msgs
[ok] 7b3a89b813 baseline/Oracle sharing relational seed=1 {'success': 0.825, 'steps': 60.85, 'spl': 0.48522497
[ok] 0463bbfdad method/NL messaging exact seed=2 {'success': 0.825, 'steps': 60.1, 'spl': 0.45648059847330397,
[ok] d2effeffa6 baseline/Symbolic messaging exact seed=2 {'success': 0.85, 'steps': 58.2, 'spl': 0.47167270047
[ok] 4d253914b1 baseline/Frontier team, no comm exact seed=2 {'success': 0.825, 'steps': 69.75, 'spl': 0.36295
[ok] b843807dcd baseline/Single ground frontier exact seed=2 {'success': 0.55, 'steps': 79.525, 'spl': 0.24213
[ok] 5e97850c4a baseline/Random-walk team exact seed=2 {'success': 0.025, 'steps': 99.225, 'spl': 0.0057971014
[ok] 1375b0eff9 baseline/Oracle sharing exact seed=2 {'success': 0.775, 'steps': 60.775, 'spl': 0.431672575527
[ok] cf524cd36b method/NL messaging synonym seed=2 {'success': 0.675, 'steps': 71.95, 'spl': 0.363744434855659
[ok] 4f06499d29 baseline/Symbolic messaging synonym seed=2 {'success': 0.675, 'steps': 69.6, 'spl': 0.38125048
[ok] 3c643b8559 baseline/Frontier team, no comm synonym seed=2 {'success': 0.7, 'steps': 75.4, 'spl': 0.328385
[ok] a606be781e baseline/Single ground frontier synonym seed=2 {'success': 0.45, 'steps': 81.15, 'spl': 0.2186
[ok] 6ef42f75a8 baseline/Random-walk team synonym seed=2 {'success': 0.0, 'steps': 100.0, 'spl': 0.0, 'msgs': 
[ok] bf15b6afdd baseline/Oracle sharing synonym seed=2 {'success': 0.625, 'steps': 71.25, 'spl': 0.36280120224
[ok] 47fc520894 method/NL messaging attribute seed=2 {'success': 0.9, 'steps': 60.0, 'spl': 0.4554523222170779
[ok] c8c9a11abf baseline/Symbolic messaging attribute seed=2 {'success': 0.875, 'steps': 57.925, 'spl': 0.4821
[ok] fff8a795d2 baseline/Frontier team, no comm attribute seed=2 {'success': 0.825, 'steps': 69.075, 'spl': 0.
[ok] 6c987aeab2 baseline/Single ground frontier attribute seed=2 {'success': 0.575, 'steps': 76.85, 'spl': 0.2
[ok] 7fd8eaf47e baseline/Random-walk team attribute seed=2 {'success': 0.025, 'steps': 98.35, 'spl': 0.0095588
[ok] da11762212 baseline/Oracle sharing attribute seed=2 {'success': 0.925, 'steps': 56.65, 'spl': 0.500771021
[ok] d28d67d233 method/NL messaging relational seed=2 {'success': 0.85, 'steps': 64.05, 'spl': 0.4271282697776
[ok] 439d03b22b baseline/Symbolic messaging relational seed=2 {'success': 0.8, 'steps': 63.4, 'spl': 0.4437123
[ok] 7f3948265a baseline/Frontier team, no comm relational seed=2 {'success': 0.725, 'steps': 72.275, 'spl': 0
[ok] b758c3a9dd baseline/Single ground frontier relational seed=2 {'success': 0.5, 'steps': 74.8, 'spl': 0.256
[ok] a74ebb0917 baseline/Random-walk team relational seed=2 {'success': 0.025, 'steps': 99.775, 'spl': 0.00384
[ok] f1f4a79919 baseline/Oracle sharing relational seed=2 {'success': 0.85, 'steps': 62.6, 'spl': 0.4526794467
[ok] a235b50766 method/NL messaging exact seed=3 {'success': 0.8, 'steps': 62.8, 'spl': 0.4035805477631961, 'm
[ok] 782d88eefd baseline/Symbolic messaging exact seed=3 {'success': 0.8, 'steps': 61.075, 'spl': 0.4280131229
[ok] 818d847aae baseline/Frontier team, no comm exact seed=3 {'success': 0.725, 'steps': 76.3, 'spl': 0.298573
[ok] 23a61b4abc baseline/Single ground frontier exact seed=3 {'success': 0.45, 'steps': 83.3, 'spl': 0.1956745
[ok] 53f7d980f2 baseline/Random-walk team exact seed=3 {'success': 0.05, 'steps': 98.325, 'spl': 0.01397624434
[ok] 555a8e3363 baseline/Oracle sharing exact seed=3 {'success': 0.8, 'steps': 60.125, 'spl': 0.44627364110450
[ok] 6b579a834e method/NL messaging synonym seed=3 {'success': 0.75, 'steps': 62.85, 'spl': 0.4178262223013059
[ok] 2ce310cf1f baseline/Symbolic messaging synonym seed=3 {'success': 0.75, 'steps': 62.2, 'spl': 0.423897207
[ok] e39d5aa950 baseline/Frontier team, no comm synonym seed=3 {'success': 0.75, 'steps': 71.75, 'spl': 0.3703
[ok] 334d93f35b baseline/Single ground frontier synonym seed=3 {'success': 0.575, 'steps': 79.625, 'spl': 0.27
[ok] 62eaa20fed baseline/Random-walk team synonym seed=3 {'success': 0.025, 'steps': 98.35, 'spl': 0.009558823
[ok] eb614461fe baseline/Oracle sharing synonym seed=3 {'success': 0.75, 'steps': 61.175, 'spl': 0.44047851946
[ok] e1af9f209c method/NL messaging attribute seed=3 {'success': 0.75, 'steps': 67.025, 'spl': 0.4205033677796
[ok] f4eb437d2c baseline/Symbolic messaging attribute seed=3 {'success': 0.725, 'steps': 66.25, 'spl': 0.42964
[ok] 7cbe3eff18 baseline/Frontier team, no comm attribute seed=3 {'success': 0.675, 'steps': 75.075, 'spl': 0.
[ok] a056fc3f27 baseline/Single ground frontier attribute seed=3 {'success': 0.35, 'steps': 83.7, 'spl': 0.194
[ok] f560dacaaa baseline/Random-walk team attribute seed=3 {'success': 0.025, 'steps': 99.275, 'spl': 0.004929
[ok] fd4307f1c9 baseline/Oracle sharing attribute seed=3 {'success': 0.75, 'steps': 64.25, 'spl': 0.4614189662
[ok] ebc041d56e method/NL messaging relational seed=3 {'success': 0.725, 'steps': 66.725, 'spl': 0.39827371397
[ok] 32bc7e4981 baseline/Symbolic messaging relational seed=3 {'success': 0.675, 'steps': 69.025, 'spl': 0.381
[ok] 9c456fde86 baseline/Frontier team, no comm relational seed=3 {'success': 0.75, 'steps': 72.275, 'spl': 0.
[ok] 50b8d0aeab baseline/Single ground frontier relational seed=3 {'success': 0.425, 'steps': 79.2, 'spl': 0.2
[ok] 9b5db856c2 baseline/Random-walk team relational seed=3 {'success': 0.0, 'steps': 100.0, 'spl': 0.0, 'msgs
[ok] b41068054e baseline/Oracle sharing relational seed=3 {'success': 0.725, 'steps': 62.6, 'spl': 0.440149311
[ok] 4eded8028e method/NL messaging exact seed=4 {'success': 0.85, 'steps': 63.2, 'spl': 0.4164902417334094, '
[ok] 446633d2ee baseline/Symbolic messaging exact seed=4 {'success': 0.9, 'steps': 58.75, 'spl': 0.46486943777
[ok] c784aae760 baseline/Frontier team, no comm exact seed=4 {'success': 0.8, 'steps': 73.475, 'spl': 0.342578
[ok] fb71d1f94e baseline/Single ground frontier exact seed=4 {'success': 0.425, 'steps': 85.475, 'spl': 0.1834
[ok] f3b0c10081 baseline/Random-walk team exact seed=4 {'success': 0.025, 'steps': 99.725, 'spl': 0.0033707865
[ok] 0ce4437698 baseline/Oracle sharing exact seed=4 {'success': 0.925, 'steps': 59.475, 'spl': 0.473862679923
[ok] b3d8b7a6e0 method/NL messaging synonym seed=4 {'success': 0.875, 'steps': 62.0, 'spl': 0.4299956976380826
[ok] 8332efd5a4 baseline/Symbolic messaging synonym seed=4 {'success': 0.925, 'steps': 58.7, 'spl': 0.47648450
[ok] 5f21a8ec4d baseline/Frontier team, no comm synonym seed=4 {'success': 0.925, 'steps': 58.7, 'spl': 0.4684
[ok] 2db069b509 baseline/Single ground frontier synonym seed=4 {'success': 0.6, 'steps': 66.425, 'spl': 0.3351
[ok] 856709dde8 baseline/Random-walk team synonym seed=4 {'success': 0.05, 'steps': 99.0, 'spl': 0.00952380952
[ok] 7361a7dfcb baseline/Oracle sharing synonym seed=4 {'success': 0.875, 'steps': 55.85, 'spl': 0.48772762244
[ok] 8caf2b7281 method/NL messaging attribute seed=4 {'success': 0.7, 'steps': 69.8, 'spl': 0.3399946286432820
[ok] 0e46fc720f baseline/Symbolic messaging attribute seed=4 {'success': 0.725, 'steps': 67.275, 'spl': 0.3790
[ok] 8f784433ad baseline/Frontier team, no comm attribute seed=4 {'success': 0.625, 'steps': 76.925, 'spl': 0.
[ok] 7536beb041 baseline/Single ground frontier attribute seed=4 {'success': 0.375, 'steps': 85.525, 'spl': 0.
[ok] 024181d18c baseline/Random-walk team attribute seed=4 {'success': 0.05, 'steps': 97.1, 'spl': 0.019932203
[ok] 3121f93aca baseline/Oracle sharing attribute seed=4 {'success': 0.775, 'steps': 63.775, 'spl': 0.40928472
[ok] da3936c34f method/NL messaging relational seed=4 {'success': 0.825, 'steps': 59.025, 'spl': 0.45385593270
[ok] d81af48889 baseline/Symbolic messaging relational seed=4 {'success': 0.75, 'steps': 61.975, 'spl': 0.4253
[ok] 2261854260 baseline/Frontier team, no comm relational seed=4 {'success': 0.825, 'steps': 64.15, 'spl': 0.
[ok] 48c8c21916 baseline/Single ground frontier relational seed=4 {'success': 0.55, 'steps': 73.125, 'spl': 0.
[ok] fdc7a91f1f baseline/Random-walk team relational seed=4 {'success': 0.05, 'steps': 99.05, 'spl': 0.0104544
[ok] 194fddf3c3 baseline/Oracle sharing relational seed=4 {'success': 0.875, 'steps': 55.925, 'spl': 0.4948601
