[ok] 36666bf881 method/NL messaging exact seed=3 {'success': 0.8, 'steps': 62.8, 'spl': 0.4035805477631961, 'm
[ok] 5383036c40 baseline/Symbolic messaging exact seed=3 {'success': 0.8, 'steps': 61.075, 'spl': 0.4280131229
[ok] 6d5bd245fc baseline/Frontier team, no comm exact seed=3 {'success': 0.725, 'steps': 76.3, 'spl': 0.298573
[ok] d869b10825 baseline/Single ground frontier exact seed=3 {'success': 0.45, 'steps': 83.3, 'spl': 0.1956745
[ok] cdc770906a baseline/Random-walk team exact seed=3 {'success': 0.05, 'steps': 98.325, 'spl': 0.01397624434
[ok] ee64f451d4 baseline/Oracle sharing exact seed=3 {'success': 0.8, 'steps': 60.125, 'spl': 0.44627364110450
[ok] ea0899654f method/NL messaging synonym seed=3 {'success': 0.75, 'steps': 62.85, 'spl': 0.4178262223013059
[ok] 3057ac0ffa baseline/Symbolic messaging synonym seed=3 {'success': 0.75, 'steps': 62.2, 'spl': 0.423897207
[ok] 14aa8db491 baseline/Frontier team, no comm synonym seed=3 {'success': 0.75, 'steps': 71.75, 'spl': 0.3703
[ok] 77d0993938 baseline/Single ground frontier synonym seed=3 {'success': 0.575, 'steps': 79.625, 'spl': 0.27
[ok] 0b7ea9b276 baseline/Random-walk team synonym seed=3 {'success': 0.025, 'steps': 98.35, 'spl': 0.009558823
[ok] 488621c84c baseline/Oracle sharing synonym seed=3 {'success': 0.75, 'steps': 61.175, 'spl': 0.44047851946
[ok] 5bc5730ac9 method/NL messaging attribute seed=3 {'success': 0.75, 'steps': 67.025, 'spl': 0.4205033677796
[ok] 0aceeef302 baseline/Symbolic messaging attribute seed=3 {'success': 0.725, 'steps': 66.25, 'spl': 0.42964
[ok] 781bd1035a baseline/Frontier team, no comm attribute seed=3 {'success': 0.675, 'steps': 75.075, 'spl': 0.
[ok] 6bf3e5adce baseline/Single ground frontier attribute seed=3 {'success': 0.35, 'steps': 83.7, 'spl': 0.194
[ok] 93940fd25a baseline/Random-walk team attribute seed=3 {'success': 0.025, 'steps': 99.275, 'spl': 0.004929
[ok] 2eae321e22 baseline/Oracle sharing attribute seed=3 {'success': 0.75, 'steps': 64.25, 'spl': 0.4614189662
[ok] 82aeeb4b2b method/NL messaging relational seed=3 {'success': 0.725, 'steps': 66.725, 'spl': 0.39827371397
[ok] e57c2e7bcb baseline/Symbolic messaging relational seed=3 {'success': 0.675, 'steps': 69.025, 'spl': 0.381
[ok] 2816ccf1e6 baseline/Frontier team, no comm relational seed=3 {'success': 0.75, 'steps': 72.275, 'spl': 0.
[ok] 02fc4802f8 baseline/Single ground frontier relational seed=3 {'success': 0.425, 'steps': 79.2, 'spl': 0.2
[ok] 2a4fee79d6 baseline/Random-walk team relational seed=3 {'success': 0.0, 'steps': 100.0, 'spl': 0.0, 'msgs
[ok] 01552db049 baseline/Oracle sharing relational seed=3 {'success': 0.725, 'steps': 62.6, 'spl': 0.440149311
[ok] 8792f185fc method/NL messaging all seed=3 {'success': 0.75625, 'steps': 64.85, 'spl': 0.4100459629558607,
[ok] 14aacb10c8 baseline/Symbolic messaging all seed=3 {'success': 0.7375, 'steps': 64.6375, 'spl': 0.41586640
[ok] f2db449d0c baseline/Frontier team, no comm all seed=3 {'success': 0.725, 'steps': 73.85, 'spl': 0.3407095
[ok] a05d43f043 baseline/Single ground frontier all seed=3 {'success': 0.45, 'steps': 81.45625, 'spl': 0.21998
[ok] e313533cd0 baseline/Random-walk team all seed=3 {'success': 0.025, 'steps': 98.9875, 'spl': 0.00711616133
[ok] 44e15bbd46 baseline/Oracle sharing all seed=3 {'success': 0.75625, 'steps': 62.0375, 'spl': 0.44708010967
[ok] 7abdc1c26c method/NL messaging mixed seed=3 {'success': 0.825, 'steps': 58.6375, 'spl': 0.455453775059475
[ok] 733369b1b1 baseline/Symbolic messaging mixed seed=3 {'success': 0.8375, 'steps': 59.075, 'spl': 0.4620821
[ok] 08dacc5053 baseline/Frontier team, no comm mixed seed=3 {'success': 0.7375, 'steps': 73.0125, 'spl': 0.33
[ok] 93f44ab89a baseline/Single ground frontier mixed seed=3 {'success': 0.525, 'steps': 79.45, 'spl': 0.25157
[ok] 774c57d07e baseline/Random-walk team mixed seed=3 {'success': 0.0625, 'steps': 98.125, 'spl': 0.014153214
[ok] 986a2c8ed3 baseline/Oracle sharing mixed seed=3 {'success': 0.825, 'steps': 58.675, 'spl': 0.468842373824
[ok] 52af39e7eb method/NL messaging exact seed=4 {'success': 0.85, 'steps': 63.2, 'spl': 0.4164902417334094, '
[ok] c1ac2d4693 baseline/Symbolic messaging exact seed=4 {'success': 0.9, 'steps': 58.75, 'spl': 0.46486943777
[ok] 9d465536a3 baseline/Frontier team, no comm exact seed=4 {'success': 0.8, 'steps': 73.475, 'spl': 0.342578
[ok] b8a81eabf7 baseline/Single ground frontier exact seed=4 {'success': 0.425, 'steps': 85.475, 'spl': 0.1834
[ok] 64eb35fd6c baseline/Random-walk team exact seed=4 {'success': 0.025, 'steps': 99.725, 'spl': 0.0033707865
[ok] 8c2e1ac0fb baseline/Oracle sharing exact seed=4 {'success': 0.925, 'steps': 59.475, 'spl': 0.473862679923
[ok] 51aa9c2d12 method/NL messaging synonym seed=4 {'success': 0.875, 'steps': 62.0, 'spl': 0.4299956976380826
[ok] 7bd5d1bb71 baseline/Symbolic messaging synonym seed=4 {'success': 0.925, 'steps': 58.7, 'spl': 0.47648450
[ok] 67e1535489 baseline/Frontier team, no comm synonym seed=4 {'success': 0.925, 'steps': 58.7, 'spl': 0.4684
[ok] d0da4336e4 baseline/Single ground frontier synonym seed=4 {'success': 0.6, 'steps': 66.425, 'spl': 0.3351
[ok] 5c5a91c546 baseline/Random-walk team synonym seed=4 {'success': 0.05, 'steps': 99.0, 'spl': 0.00952380952
[ok] da55f8b3e8 baseline/Oracle sharing synonym seed=4 {'success': 0.875, 'steps': 55.85, 'spl': 0.48772762244
[ok] f5e1e16d16 method/NL messaging attribute seed=4 {'success': 0.7, 'steps': 69.8, 'spl': 0.3399946286432820
[ok] 1822ceda3c baseline/Symbolic messaging attribute seed=4 {'success': 0.725, 'steps': 67.275, 'spl': 0.3790
[ok] cc7764ec03 baseline/Frontier team, no comm attribute seed=4 {'success': 0.625, 'steps': 76.925, 'spl': 0.
[ok] 6e9e67dc5b baseline/Single ground frontier attribute seed=4 {'success': 0.375, 'steps': 85.525, 'spl': 0.
[ok] 473d25d7cd baseline/Random-walk team attribute seed=4 {'success': 0.05, 'steps': 97.1, 'spl': 0.019932203
[ok] 97f6d2234c baseline/Oracle sharing attribute seed=4 {'success': 0.775, 'steps': 63.775, 'spl': 0.40928472
[ok] 5a36e476a9 method/NL messaging relational seed=4 {'success': 0.825, 'steps': 59.025, 'spl': 0.45385593270
[ok] 08b160d7bd baseline/Symbolic messaging relational seed=4 {'success': 0.75, 'steps': 61.975, 'spl': 0.4253
[ok] e4e6eb7cdf baseline/Frontier team, no comm relational seed=4 {'success': 0.825, 'steps': 64.15, 'spl': 0.
[ok] e68f72788b baseline/Single ground frontier relational seed=4 {'success': 0.55, 'steps': 73.125, 'spl': 0.
[ok] f52c045c60 baseline/Random-walk team relational seed=4 {'success': 0.05, 'steps': 99.05, 'spl': 0.0104544
[ok] 3a53c95c67 baseline/Oracle sharing relational seed=4 {'success': 0.875, 'steps': 55.925, 'spl': 0.4948601
[ok] 9e6df9f867 method/NL messaging all seed=4 {'success': 0.8125, 'steps': 63.50625, 'spl': 0.410084125179341
[ok] a6b05fb15a baseline/Symbolic messaging all seed=4 {'success': 0.825, 'steps': 61.675, 'spl': 0.4364360663
[ok] db0bb8d57d baseline/Frontier team, no comm all seed=4 {'success': 0.79375, 'steps': 68.3125, 'spl': 0.371
[ok] 7da910d20a baseline/Single ground frontier all seed=4 {'success': 0.4875, 'steps': 77.6375, 'spl': 0.2423
[ok] 962dc27358 baseline/Random-walk team all seed=4 {'success': 0.04375, 'steps': 98.71875, 'spl': 0.01082031
[ok] 693f8884c7 baseline/Oracle sharing all seed=4 {'success': 0.8625, 'steps': 58.75625, 'spl': 0.46643380383
[ok] b226104f43 method/NL messaging mixed seed=4 {'success': 0.85, 'steps': 60.825, 'spl': 0.4489717986106482,
[ok] f3e2aa740a baseline/Symbolic messaging mixed seed=4 {'success': 0.85, 'steps': 59.2, 'spl': 0.46907008963
[ok] ef7ee416ef baseline/Frontier team, no comm mixed seed=4 {'success': 0.8125, 'steps': 68.025, 'spl': 0.382
[ok] 1f984b55e9 baseline/Single ground frontier mixed seed=4 {'success': 0.575, 'steps': 73.725, 'spl': 0.2839
[ok] 37c4184402 baseline/Random-walk team mixed seed=4 {'success': 0.025, 'steps': 98.9375, 'spl': 0.005867887
[ok] e81c637a30 baseline/Oracle sharing mixed seed=4 {'success': 0.875, 'steps': 55.375, 'spl': 0.504395479035
./experiments/run_main.sh 3 4  205.74s user 7.55s system 99% cpu 3:33.72 total
