[ok] aaf4373549 method/NL messaging exact seed=0 {'success': 0.85, 'steps': 60.375, 'spl': 0.4674102654906739,
[ok] 8dc2aebfae baseline/Symbolic messaging exact seed=0 {'success': 0.85, 'steps': 57.875, 'spl': 0.499433048
[ok] 559b1f4eeb baseline/Frontier team, no comm exact seed=0 {'success': 0.775, 'steps': 66.125, 'spl': 0.4105
[ok] ceb7975db6 baseline/Single ground frontier exact seed=0 {'success': 0.675, 'steps': 70.925, 'spl': 0.3387
[ok] 50210057be baseline/Random-walk team exact seed=0 {'success': 0.025, 'steps': 98.35, 'spl': 0.00955882352
[ok] 4eae3ffbbd baseline/Oracle sharing exact seed=0 {'success': 0.825, 'steps': 56.075, 'spl': 0.525223902577
[ok] e5faf7c05e method/NL messaging synonym seed=0 {'success': 0.675, 'steps': 71.1, 'spl': 0.3633169237681717
[ok] 7857cacb31 baseline/Symbolic messaging synonym seed=0 {'success': 0.7, 'steps': 69.125, 'spl': 0.38354118
[ok] c8b60b874a baseline/Frontier team, no comm synonym seed=0 {'success': 0.7, 'steps': 75.1, 'spl': 0.346566
[ok] 04032d84ff baseline/Single ground frontier synonym seed=0 {'success': 0.475, 'steps': 80.525, 'spl': 0.23
[ok] 302e57ea4f baseline/Random-walk team synonym seed=0 {'success': 0.0, 'steps': 100.0, 'spl': 0.0, 'msgs': 
[ok] 36e45f34a4 baseline/Oracle sharing synonym seed=0 {'success': 0.75, 'steps': 66.65, 'spl': 0.418341935747
[ok] 49252fc712 method/NL messaging attribute seed=0 {'success': 0.825, 'steps': 69.375, 'spl': 0.371712001153
[ok] b1050556f2 baseline/Symbolic messaging attribute seed=0 {'success': 0.725, 'steps': 67.375, 'spl': 0.3730
[ok] ee530269fc baseline/Frontier team, no comm attribute seed=0 {'success': 0.7, 'steps': 76.8, 'spl': 0.2940
[ok] c439f18a94 baseline/Single ground frontier attribute seed=0 {'success': 0.4, 'steps': 83.55, 'spl': 0.177
[ok] 8db3fb0072 baseline/Random-walk team attribute seed=0 {'success': 0.0, 'steps': 100.0, 'spl': 0.0, 'msgs'
[ok] 64291e4cd3 baseline/Oracle sharing attribute seed=0 {'success': 0.85, 'steps': 62.5, 'spl': 0.44177868897
[ok] 58224897a0 method/NL messaging relational seed=0 {'success': 0.875, 'steps': 57.45, 'spl': 0.504786010282
[ok] 67644fac25 baseline/Symbolic messaging relational seed=0 {'success': 0.775, 'steps': 60.225, 'spl': 0.474
[ok] d261813db2 baseline/Frontier team, no comm relational seed=0 {'success': 0.875, 'steps': 65.7, 'spl': 0.4
[ok] e8e9747f6a baseline/Single ground frontier relational seed=0 {'success': 0.55, 'steps': 75.7, 'spl': 0.27
[ok] 91ece1a8ef baseline/Random-walk team relational seed=0 {'success': 0.05, 'steps': 98.875, 'spl': 0.010165
[ok] a9bc6b1527 baseline/Oracle sharing relational seed=0 {'success': 0.825, 'steps': 58.625, 'spl': 0.4971755
[ok] f685433d92 method/NL messaging all seed=0 {'success': 0.80625, 'steps': 64.575, 'spl': 0.4268063001737293
[ok] 75b7b63578 baseline/Symbolic messaging all seed=0 {'success': 0.7625, 'steps': 63.65, 'spl': 0.4325892345
[ok] 78c5efec06 baseline/Frontier team, no comm all seed=0 {'success': 0.7625, 'steps': 70.93125, 'spl': 0.368
[ok] f87d980aee baseline/Single ground frontier all seed=0 {'success': 0.525, 'steps': 77.675, 'spl': 0.257116
[ok] 6c9f951dca baseline/Random-walk team all seed=0 {'success': 0.01875, 'steps': 99.30625, 'spl': 0.00493097
[ok] 8fc17ba76c baseline/Oracle sharing all seed=0 {'success': 0.8125, 'steps': 60.9625, 'spl': 0.470630030095
[ok] f64a3305f9 method/NL messaging mixed seed=0 {'success': 0.8875, 'steps': 58.2875, 'spl': 0.49973114297852
[ok] f7d9543d5b baseline/Symbolic messaging mixed seed=0 {'success': 0.875, 'steps': 55.5, 'spl': 0.5214951813
[ok] eed10a81df baseline/Frontier team, no comm mixed seed=0 {'success': 0.825, 'steps': 69.1875, 'spl': 0.393
[ok] fb3aebe563 baseline/Single ground frontier mixed seed=0 {'success': 0.5625, 'steps': 75.5125, 'spl': 0.28
[ok] e66678323a baseline/Random-walk team mixed seed=0 {'success': 0.0, 'steps': 100.0, 'spl': 0.0, 'msgs': 0.
[ok] 5ef1655372 baseline/Oracle sharing mixed seed=0 {'success': 0.875, 'steps': 55.4, 'spl': 0.52682898638453
[ok] 1b8126922f method/NL messaging exact seed=1 {'success': 0.9, 'steps': 61.25, 'spl': 0.47458862417387887, 
[ok] 0dba2a11a8 baseline/Symbolic messaging exact seed=1 {'success': 0.9, 'steps': 56.9, 'spl': 0.520476934193
[ok] c8648054a5 baseline/Frontier team, no comm exact seed=1 {'success': 0.8, 'steps': 75.55, 'spl': 0.3204070
[ok] 053c126cf9 baseline/Single ground frontier exact seed=1 {'success': 0.55, 'steps': 81.65, 'spl': 0.217285
[ok] 8714f470ee baseline/Random-walk team exact seed=1 {'success': 0.025, 'steps': 98.525, 'spl': 0.0097560975
[ok] e3099eb140 baseline/Oracle sharing exact seed=1 {'success': 0.95, 'steps': 54.625, 'spl': 0.5464935424876
[ok] 9b78ecaa33 method/NL messaging synonym seed=1 {'success': 0.9, 'steps': 63.55, 'spl': 0.507616449565557, 
[ok] 338872f7af baseline/Symbolic messaging synonym seed=1 {'success': 0.9, 'steps': 61.425, 'spl': 0.52648945
[ok] aa587d5bea baseline/Frontier team, no comm synonym seed=1 {'success': 0.775, 'steps': 73.275, 'spl': 0.37
[ok] a67960273c baseline/Single ground frontier synonym seed=1 {'success': 0.5, 'steps': 80.225, 'spl': 0.2404
[ok] 34239df827 baseline/Random-walk team synonym seed=1 {'success': 0.0, 'steps': 100.0, 'spl': 0.0, 'msgs': 
[ok] 3b502dad76 baseline/Oracle sharing synonym seed=1 {'success': 0.925, 'steps': 58.775, 'spl': 0.5688361603
[ok] 4690214bac method/NL messaging attribute seed=1 {'success': 0.85, 'steps': 67.025, 'spl': 0.4337124910818
[ok] 76b97fbe19 baseline/Symbolic messaging attribute seed=1 {'success': 0.775, 'steps': 68.025, 'spl': 0.4085
[ok] 67d08d034b baseline/Frontier team, no comm attribute seed=1 {'success': 0.825, 'steps': 70.35, 'spl': 0.3
[ok] d7d657057c baseline/Single ground frontier attribute seed=1 {'success': 0.45, 'steps': 80.175, 'spl': 0.2
[ok] 5982182685 baseline/Random-walk team attribute seed=1 {'success': 0.025, 'steps': 98.225, 'spl': 0.010344
[ok] 3d4d4d541d baseline/Oracle sharing attribute seed=1 {'success': 0.825, 'steps': 62.75, 'spl': 0.474910200
[ok] 35c1bab524 method/NL messaging relational seed=1 {'success': 0.85, 'steps': 62.675, 'spl': 0.477315251530
[ok] dd0ce89674 baseline/Symbolic messaging relational seed=1 {'success': 0.775, 'steps': 61.425, 'spl': 0.478
[ok] e3fd4c2c31 baseline/Frontier team, no comm relational seed=1 {'success': 0.875, 'steps': 67.95, 'spl': 0.
[ok] 1b2c01325a baseline/Single ground frontier relational seed=1 {'success': 0.45, 'steps': 78.4, 'spl': 0.22
[ok] f7a467ddc1 baseline/Random-walk team relational seed=1 {'success': 0.0, 'steps': 100.0, 'spl': 0.0, 'msgs
[ok] e08470e9d1 baseline/Oracle sharing relational seed=1 {'success': 0.825, 'steps': 60.85, 'spl': 0.48522497
[ok] 9369422dd3 method/NL messaging all seed=1 {'success': 0.875, 'steps': 63.625, 'spl': 0.4733082040880017, 
[ok] 0677709619 baseline/Symbolic messaging all seed=1 {'success': 0.8375, 'steps': 61.94375, 'spl': 0.4835177
[ok] 5637a878ae baseline/Frontier team, no comm all seed=1 {'success': 0.81875, 'steps': 71.78125, 'spl': 0.38
[ok] d1b26a249c baseline/Single ground frontier all seed=1 {'success': 0.4875, 'steps': 80.1125, 'spl': 0.2232
[ok] 1dc298a1a7 baseline/Random-walk team all seed=1 {'success': 0.0125, 'steps': 99.1875, 'spl': 0.0050252312
[ok] ceaaab9a80 baseline/Oracle sharing all seed=1 {'success': 0.88125, 'steps': 59.25, 'spl': 0.5188662194294
[ok] 866a1ad09b method/NL messaging mixed seed=1 {'success': 0.8875, 'steps': 61.5, 'spl': 0.5098142843950353,
[ok] 99938a1a08 baseline/Symbolic messaging mixed seed=1 {'success': 0.8875, 'steps': 59.6875, 'spl': 0.530979
[ok] c7fe8bae54 baseline/Frontier team, no comm mixed seed=1 {'success': 0.825, 'steps': 71.9, 'spl': 0.410344
[ok] 310353030f baseline/Single ground frontier mixed seed=1 {'success': 0.4625, 'steps': 81.55, 'spl': 0.2242
[ok] e933c8c47a baseline/Random-walk team mixed seed=1 {'success': 0.0125, 'steps': 99.1, 'spl': 0.00580357142
[ok] f29b2b68df baseline/Oracle sharing mixed seed=1 {'success': 0.8875, 'steps': 60.8375, 'spl': 0.5252027236
[ok] fc0f7c83ec method/NL messaging exact seed=2 {'success': 0.825, 'steps': 60.1, 'spl': 0.45648059847330397,
[ok] a7a79467d9 baseline/Symbolic messaging exact seed=2 {'success': 0.85, 'steps': 58.2, 'spl': 0.47167270047
[ok] 2d0c400c09 baseline/Frontier team, no comm exact seed=2 {'success': 0.825, 'steps': 69.75, 'spl': 0.36295
[ok] 3f2cd87e46 baseline/Single ground frontier exact seed=2 {'success': 0.55, 'steps': 79.525, 'spl': 0.24213
[ok] e280a8ea17 baseline/Random-walk team exact seed=2 {'success': 0.025, 'steps': 99.225, 'spl': 0.0057971014
[ok] b8a6868710 baseline/Oracle sharing exact seed=2 {'success': 0.775, 'steps': 60.775, 'spl': 0.431672575527
[ok] fbfe73bf12 method/NL messaging synonym seed=2 {'success': 0.675, 'steps': 71.95, 'spl': 0.363744434855659
[ok] dbe320d577 baseline/Symbolic messaging synonym seed=2 {'success': 0.675, 'steps': 69.6, 'spl': 0.38125048
[ok] 769e6f175e baseline/Frontier team, no comm synonym seed=2 {'success': 0.7, 'steps': 75.4, 'spl': 0.328385
[ok] bb4b070987 baseline/Single ground frontier synonym seed=2 {'success': 0.45, 'steps': 81.15, 'spl': 0.2186
[ok] d21cd392bb baseline/Random-walk team synonym seed=2 {'success': 0.0, 'steps': 100.0, 'spl': 0.0, 'msgs': 
[ok] 4f4b9758e4 baseline/Oracle sharing synonym seed=2 {'success': 0.625, 'steps': 71.25, 'spl': 0.36280120224
[ok] 923376e667 method/NL messaging attribute seed=2 {'success': 0.9, 'steps': 60.0, 'spl': 0.4554523222170779
[ok] 40ddcf0bff baseline/Symbolic messaging attribute seed=2 {'success': 0.875, 'steps': 57.925, 'spl': 0.4821
[ok] 256550f1da baseline/Frontier team, no comm attribute seed=2 {'success': 0.825, 'steps': 69.075, 'spl': 0.
[ok] 998b189a99 baseline/Single ground frontier attribute seed=2 {'success': 0.575, 'steps': 76.85, 'spl': 0.2
[ok] ba241f045f baseline/Random-walk team attribute seed=2 {'success': 0.025, 'steps': 98.35, 'spl': 0.0095588
[ok] 5427cfac52 baseline/Oracle sharing attribute seed=2 {'success': 0.925, 'steps': 56.65, 'spl': 0.500771021
[ok] e2297d599c method/NL messaging relational seed=2 {'success': 0.85, 'steps': 64.05, 'spl': 0.4271282697776
[ok] f1de29eeeb baseline/Symbolic messaging relational seed=2 {'success': 0.8, 'steps': 63.4, 'spl': 0.4437123
[ok] b8827d4b2e baseline/Frontier team, no comm relational seed=2 {'success': 0.725, 'steps': 72.275, 'spl': 0
[ok] b9e52b4038 baseline/Single ground frontier relational seed=2 {'success': 0.5, 'steps': 74.8, 'spl': 0.256
[ok] 82b8236733 baseline/Random-walk team relational seed=2 {'success': 0.025, 'steps': 99.775, 'spl': 0.00384
[ok] 104dc71fba baseline/Oracle sharing relational seed=2 {'success': 0.85, 'steps': 62.6, 'spl': 0.4526794467
[ok] 1956004cea method/NL messaging all seed=2 {'success': 0.8125, 'steps': 64.025, 'spl': 0.42570140633091685
[ok] ae686201e8 baseline/Symbolic messaging all seed=2 {'success': 0.8, 'steps': 62.28125, 'spl': 0.4446858953
[ok] 69408a986c baseline/Frontier team, no comm all seed=2 {'success': 0.76875, 'steps': 71.625, 'spl': 0.3488
[ok] e537e51a66 baseline/Single ground frontier all seed=2 {'success': 0.51875, 'steps': 78.08125, 'spl': 0.24
[ok] 0b631edd3a baseline/Random-walk team all seed=2 {'success': 0.01875, 'steps': 99.3375, 'spl': 0.004800519
[ok] 537ed5d51f baseline/Oracle sharing all seed=2 {'success': 0.79375, 'steps': 62.81875, 'spl': 0.4369810614
[ok] 75937c5185 method/NL messaging mixed seed=2 {'success': 0.8, 'steps': 64.8, 'spl': 0.4121165454241032, 'm
[ok] 5f09de97c3 baseline/Symbolic messaging mixed seed=2 {'success': 0.825, 'steps': 63.0125, 'spl': 0.4419700
[ok] 4c9bfbe3b4 baseline/Frontier team, no comm mixed seed=2 {'success': 0.725, 'steps': 73.1125, 'spl': 0.333
[ok] 8b1900e15e baseline/Single ground frontier mixed seed=2 {'success': 0.5, 'steps': 77.775, 'spl': 0.245225
[ok] b0d95fd603 baseline/Random-walk team mixed seed=2 {'success': 0.0125, 'steps': 99.3125, 'spl': 0.00388888
[ok] c04bae2fbc baseline/Oracle sharing mixed seed=2 {'success': 0.8, 'steps': 62.5625, 'spl': 0.4418442299382
./experiments/run_main.sh 0 1 2  310.04s user 11.36s system 99% cpu 5:22.02 total
