[ok] ce8b645958 method/NL messaging exact seed=0 {'success': 0.85, 'steps': 60.375, 'spl': 0.4674102654906739,
[ok] c3abe335b1 ablation/NL + coordinates exact seed=0 {'success': 0.85, 'steps': 57.875, 'spl': 0.49943304899
[ok] 744e7c27db ablation/Symbolic messaging exact seed=0 {'success': 0.85, 'steps': 57.875, 'spl': 0.499433048
[ok] 714226347d ablation/Symbolic + attributes exact seed=0 {'success': 0.85, 'steps': 57.875, 'spl': 0.499433
[ok] 5a45201c39 ablation/Symbolic + confidence exact seed=0 {'success': 0.85, 'steps': 57.875, 'spl': 0.499433
[ok] 716af0fa78 method/NL messaging synonym seed=0 {'success': 0.675, 'steps': 71.1, 'spl': 0.3633169237681717
[ok] da30f321fc ablation/NL + coordinates synonym seed=0 {'success': 0.7, 'steps': 69.125, 'spl': 0.3835411806
[ok] d5a6b3648b ablation/Symbolic messaging synonym seed=0 {'success': 0.7, 'steps': 69.125, 'spl': 0.38354118
[ok] 50552391dd ablation/Symbolic + attributes synonym seed=0 {'success': 0.7, 'steps': 69.125, 'spl': 0.38354
[ok] 3334b3beeb ablation/Symbolic + confidence synonym seed=0 {'success': 0.7, 'steps': 69.125, 'spl': 0.38354
[ok] 823d984a85 method/NL messaging attribute seed=0 {'success': 0.825, 'steps': 69.375, 'spl': 0.371712001153
[ok] 5318336113 ablation/NL + coordinates attribute seed=0 {'success': 0.825, 'steps': 65.1, 'spl': 0.40793478
[ok] ecd8fb41de ablation/Symbolic messaging attribute seed=0 {'success': 0.725, 'steps': 67.375, 'spl': 0.3730
[ok] 8911d96a89 ablation/Symbolic + attributes attribute seed=0 {'success': 0.825, 'steps': 65.1, 'spl': 0.407
[ok] 626bfc8a01 ablation/Symbolic + confidence attribute seed=0 {'success': 0.725, 'steps': 67.225, 'spl': 0.3
[ok] 7f51093a95 method/NL messaging relational seed=0 {'success': 0.875, 'steps': 57.45, 'spl': 0.504786010282
[ok] d283e126f5 ablation/NL + coordinates relational seed=0 {'success': 0.875, 'steps': 56.6, 'spl': 0.5152159
[ok] 3a338eabd2 ablation/Symbolic messaging relational seed=0 {'success': 0.775, 'steps': 60.225, 'spl': 0.474
[ok] 261826dba9 ablation/Symbolic + attributes relational seed=0 {'success': 0.875, 'steps': 56.6, 'spl': 0.51
[ok] 76577f7ead ablation/Symbolic + confidence relational seed=0 {'success': 0.875, 'steps': 55.825, 'spl': 0.
[ok] 1959714ea1 method/NL messaging exact seed=1 {'success': 0.9, 'steps': 61.25, 'spl': 0.47458862417387887, 
[ok] 968bac2c22 ablation/NL + coordinates exact seed=1 {'success': 0.9, 'steps': 56.9, 'spl': 0.52047693419373
[ok] 103ef0ef6c ablation/Symbolic messaging exact seed=1 {'success': 0.9, 'steps': 56.9, 'spl': 0.520476934193
[ok] d9ccab00d1 ablation/Symbolic + attributes exact seed=1 {'success': 0.9, 'steps': 56.9, 'spl': 0.520476934
[ok] 93007a27d5 ablation/Symbolic + confidence exact seed=1 {'success': 0.9, 'steps': 56.9, 'spl': 0.520476934
[ok] 36d6ecd634 method/NL messaging synonym seed=1 {'success': 0.9, 'steps': 63.55, 'spl': 0.507616449565557, 
[ok] 13f4b931a3 ablation/NL + coordinates synonym seed=1 {'success': 0.9, 'steps': 61.425, 'spl': 0.5264894569
[ok] 9ae8c8d0f8 ablation/Symbolic messaging synonym seed=1 {'success': 0.9, 'steps': 61.425, 'spl': 0.52648945
[ok] 1c2487c471 ablation/Symbolic + attributes synonym seed=1 {'success': 0.9, 'steps': 61.425, 'spl': 0.52648
[ok] ea28be4ddb ablation/Symbolic + confidence synonym seed=1 {'success': 0.9, 'steps': 61.425, 'spl': 0.52648
[ok] f93848b886 method/NL messaging attribute seed=1 {'success': 0.85, 'steps': 67.025, 'spl': 0.4337124910818
[ok] f9d58bad94 ablation/NL + coordinates attribute seed=1 {'success': 0.85, 'steps': 64.375, 'spl': 0.4619512
[ok] 98d529d32b ablation/Symbolic messaging attribute seed=1 {'success': 0.775, 'steps': 68.025, 'spl': 0.4085
[ok] a14c915788 ablation/Symbolic + attributes attribute seed=1 {'success': 0.85, 'steps': 64.375, 'spl': 0.46
[ok] b987d83eb8 ablation/Symbolic + confidence attribute seed=1 {'success': 0.8, 'steps': 66.7, 'spl': 0.42449
[ok] e3c5936033 method/NL messaging relational seed=1 {'success': 0.85, 'steps': 62.675, 'spl': 0.477315251530
[ok] 2f6eaafb4c ablation/NL + coordinates relational seed=1 {'success': 0.85, 'steps': 62.0, 'spl': 0.48770884
[ok] 0521fadb2f ablation/Symbolic messaging relational seed=1 {'success': 0.775, 'steps': 61.425, 'spl': 0.478
[ok] ca130899e5 ablation/Symbolic + attributes relational seed=1 {'success': 0.85, 'steps': 62.0, 'spl': 0.487
[ok] 2166d52dee ablation/Symbolic + confidence relational seed=1 {'success': 0.875, 'steps': 60.6, 'spl': 0.50
[ok] 496b7f00a3 method/NL messaging exact seed=2 {'success': 0.825, 'steps': 60.1, 'spl': 0.45648059847330397,
[ok] 2b810cbc24 ablation/NL + coordinates exact seed=2 {'success': 0.85, 'steps': 58.2, 'spl': 0.4716727004762
[ok] 4d446de829 ablation/Symbolic messaging exact seed=2 {'success': 0.85, 'steps': 58.2, 'spl': 0.47167270047
[ok] d4070a0521 ablation/Symbolic + attributes exact seed=2 {'success': 0.85, 'steps': 58.2, 'spl': 0.47167270
[ok] 3bc85f72f3 ablation/Symbolic + confidence exact seed=2 {'success': 0.85, 'steps': 58.2, 'spl': 0.47167270
[ok] 51df744b70 method/NL messaging synonym seed=2 {'success': 0.675, 'steps': 71.95, 'spl': 0.363744434855659
[ok] 897f8db628 ablation/NL + coordinates synonym seed=2 {'success': 0.675, 'steps': 69.6, 'spl': 0.3812504849
[ok] 01f6803ae6 ablation/Symbolic messaging synonym seed=2 {'success': 0.675, 'steps': 69.6, 'spl': 0.38125048
[ok] 9a10af9754 ablation/Symbolic + attributes synonym seed=2 {'success': 0.675, 'steps': 69.6, 'spl': 0.38125
[ok] 78383cebcf ablation/Symbolic + confidence synonym seed=2 {'success': 0.675, 'steps': 69.65, 'spl': 0.3818
[ok] ac4cdda4fc method/NL messaging attribute seed=2 {'success': 0.9, 'steps': 60.0, 'spl': 0.4554523222170779
[ok] fd2c4d22b6 ablation/NL + coordinates attribute seed=2 {'success': 0.925, 'steps': 58.175, 'spl': 0.477242
[ok] db6e370e56 ablation/Symbolic messaging attribute seed=2 {'success': 0.875, 'steps': 57.925, 'spl': 0.4821
[ok] 447d41f64e ablation/Symbolic + attributes attribute seed=2 {'success': 0.925, 'steps': 58.175, 'spl': 0.4
[ok] 7e1a349935 ablation/Symbolic + confidence attribute seed=2 {'success': 0.925, 'steps': 56.175, 'spl': 0.5
[ok] d0cd89c666 method/NL messaging relational seed=2 {'success': 0.85, 'steps': 64.05, 'spl': 0.4271282697776
[ok] 6c3033fb66 ablation/NL + coordinates relational seed=2 {'success': 0.85, 'steps': 61.95, 'spl': 0.4493339
[ok] 02d37bd801 ablation/Symbolic messaging relational seed=2 {'success': 0.8, 'steps': 63.4, 'spl': 0.4437123
[ok] 9638ddd5b9 ablation/Symbolic + attributes relational seed=2 {'success': 0.85, 'steps': 61.95, 'spl': 0.44
[ok] c18d730101 ablation/Symbolic + confidence relational seed=2 {'success': 0.875, 'steps': 60.375, 'spl': 0.
[ok] 2d7dfa90ac method/NL messaging exact seed=3 {'success': 0.8, 'steps': 62.8, 'spl': 0.4035805477631961, 'm
[ok] afb6ec87db ablation/NL + coordinates exact seed=3 {'success': 0.8, 'steps': 61.075, 'spl': 0.428013122989
[ok] 14712b7481 ablation/Symbolic messaging exact seed=3 {'success': 0.8, 'steps': 61.075, 'spl': 0.4280131229
[ok] 9656312948 ablation/Symbolic + attributes exact seed=3 {'success': 0.8, 'steps': 61.075, 'spl': 0.4280131
[ok] 1dce938351 ablation/Symbolic + confidence exact seed=3 {'success': 0.8, 'steps': 61.075, 'spl': 0.4280131
[ok] 20e763cb1a method/NL messaging synonym seed=3 {'success': 0.75, 'steps': 62.85, 'spl': 0.4178262223013059
[ok] 3aa2095446 ablation/NL + coordinates synonym seed=3 {'success': 0.75, 'steps': 62.2, 'spl': 0.42389720793
[ok] c03b4fcc77 ablation/Symbolic messaging synonym seed=3 {'success': 0.75, 'steps': 62.2, 'spl': 0.423897207
[ok] a1b6dfb2c4 ablation/Symbolic + attributes synonym seed=3 {'success': 0.75, 'steps': 62.2, 'spl': 0.423897
[ok] c93f7ee655 ablation/Symbolic + confidence synonym seed=3 {'success': 0.75, 'steps': 62.15, 'spl': 0.42452
[ok] e2d615ae87 method/NL messaging attribute seed=3 {'success': 0.75, 'steps': 67.025, 'spl': 0.4205033677796
[ok] 77970adeed ablation/NL + coordinates attribute seed=3 {'success': 0.775, 'steps': 64.7, 'spl': 0.45883639
[ok] 9180405b60 ablation/Symbolic messaging attribute seed=3 {'success': 0.725, 'steps': 66.25, 'spl': 0.42964
[ok] 796011204b ablation/Symbolic + attributes attribute seed=3 {'success': 0.775, 'steps': 64.7, 'spl': 0.458
[ok] 21e8c2edbc ablation/Symbolic + confidence attribute seed=3 {'success': 0.75, 'steps': 63.65, 'spl': 0.454
[ok] ff0fa02cf7 method/NL messaging relational seed=3 {'success': 0.725, 'steps': 66.725, 'spl': 0.39827371397
[ok] ac469dae53 ablation/NL + coordinates relational seed=3 {'success': 0.75, 'steps': 65.325, 'spl': 0.427317
[ok] bfe0f24c58 ablation/Symbolic messaging relational seed=3 {'success': 0.675, 'steps': 69.025, 'spl': 0.381
[ok] 7ef8c09845 ablation/Symbolic + attributes relational seed=3 {'success': 0.75, 'steps': 65.325, 'spl': 0.4
[ok] 38e8197a3a ablation/Symbolic + confidence relational seed=3 {'success': 0.725, 'steps': 65.925, 'spl': 0.
[ok] 32017785e5 method/NL messaging exact seed=4 {'success': 0.85, 'steps': 63.2, 'spl': 0.4164902417334094, '
[ok] 006490513d ablation/NL + coordinates exact seed=4 {'success': 0.9, 'steps': 58.75, 'spl': 0.4648694377745
[ok] 552552bc2c ablation/Symbolic messaging exact seed=4 {'success': 0.9, 'steps': 58.75, 'spl': 0.46486943777
[ok] c90e36aa9d ablation/Symbolic + attributes exact seed=4 {'success': 0.9, 'steps': 58.75, 'spl': 0.46486943
[ok] 0005f6421f ablation/Symbolic + confidence exact seed=4 {'success': 0.9, 'steps': 58.75, 'spl': 0.46486943
[ok] ef323415cf method/NL messaging synonym seed=4 {'success': 0.875, 'steps': 62.0, 'spl': 0.4299956976380826
[ok] c0f713845d ablation/NL + coordinates synonym seed=4 {'success': 0.925, 'steps': 58.7, 'spl': 0.4764845099
[ok] 619970f04a ablation/Symbolic messaging synonym seed=4 {'success': 0.925, 'steps': 58.7, 'spl': 0.47648450
[ok] 2b48298ca3 ablation/Symbolic + attributes synonym seed=4 {'success': 0.925, 'steps': 58.7, 'spl': 0.47648
[ok] acf0dae0bb ablation/Symbolic + confidence synonym seed=4 {'success': 0.925, 'steps': 59.6, 'spl': 0.47040
[ok] 32b20e5c85 method/NL messaging attribute seed=4 {'success': 0.7, 'steps': 69.8, 'spl': 0.3399946286432820
[ok] baf426e7c1 ablation/NL + coordinates attribute seed=4 {'success': 0.725, 'steps': 66.8, 'spl': 0.36882202
[ok] 1ea95317b8 ablation/Symbolic messaging attribute seed=4 {'success': 0.725, 'steps': 67.275, 'spl': 0.3790
[ok] 8012d5cbe1 ablation/Symbolic + attributes attribute seed=4 {'success': 0.725, 'steps': 66.8, 'spl': 0.368
[ok] 17314eeff7 ablation/Symbolic + confidence attribute seed=4 {'success': 0.7, 'steps': 68.4, 'spl': 0.34489
[ok] 5da967c4f7 method/NL messaging relational seed=4 {'success': 0.825, 'steps': 59.025, 'spl': 0.45385593270
[ok] dc8dda668c ablation/NL + coordinates relational seed=4 {'success': 0.825, 'steps': 57.775, 'spl': 0.46722
[ok] f4b4d3c436 ablation/Symbolic messaging relational seed=4 {'success': 0.75, 'steps': 61.975, 'spl': 0.4253
[ok] fe90723e75 ablation/Symbolic + attributes relational seed=4 {'success': 0.825, 'steps': 57.775, 'spl': 0.
[ok] ed3a784717 ablation/Symbolic + confidence relational seed=4 {'success': 0.825, 'steps': 57.525, 'spl': 0.
./experiments/run_ablations.sh content  182.18s user 8.32s system 99% cpu 3:10.88 total
