[ok] 70ca26669c method/NL messaging mixed seed=0 {'success': 0.8875, 'steps': 58.2875, 'spl': 0.49973114297852
[ok] 3747592d34 baseline/Symbolic messaging mixed seed=0 {'success': 0.875, 'steps': 55.5, 'spl': 0.5214951813
[ok] 3342e20f1d method/NL messaging mixed seed=1 {'success': 0.8875, 'steps': 61.5, 'spl': 0.5098142843950353,
[ok] 6cacb01061 baseline/Symbolic messaging mixed seed=1 {'success': 0.8875, 'steps': 59.6875, 'spl': 0.530979
[ok] 8ec066351b method/NL messaging mixed seed=2 {'success': 0.8, 'steps': 64.8, 'spl': 0.4121165454241032, 'm
[ok] 555ad093bb baseline/Symbolic messaging mixed seed=2 {'success': 0.825, 'steps': 63.0125, 'spl': 0.4419700
[ok] 0665cd1786 method/NL messaging mixed seed=3 {'success': 0.825, 'steps': 58.6375, 'spl': 0.455453775059475
[ok] b650687531 baseline/Symbolic messaging mixed seed=3 {'success': 0.8375, 'steps': 59.075, 'spl': 0.4620821
[ok] c5d2e27122 method/NL messaging mixed seed=4 {'success': 0.85, 'steps': 60.825, 'spl': 0.4489717986106482,
[ok] 628b6a31fa baseline/Symbolic messaging mixed seed=4 {'success': 0.85, 'steps': 59.2, 'spl': 0.46907008963
[ok] 1fc2a67d22 method/NL messaging mixed seed=0 {'success': 0.8875, 'steps': 60.3875, 'spl': 0.47870680252674
[ok] 205496a10e baseline/Symbolic messaging mixed seed=0 {'success': 0.875, 'steps': 58.4125, 'spl': 0.4900739
[ok] a5cd20f4d5 method/NL messaging mixed seed=1 {'success': 0.8625, 'steps': 65.7, 'spl': 0.46142356034736076
[ok] 0ff0528606 baseline/Symbolic messaging mixed seed=1 {'success': 0.9, 'steps': 63.5, 'spl': 0.487639806763
[ok] cd2f08a829 method/NL messaging mixed seed=2 {'success': 0.7875, 'steps': 69.675, 'spl': 0.381028200435158
[ok] 5bed725378 baseline/Symbolic messaging mixed seed=2 {'success': 0.825, 'steps': 66.5625, 'spl': 0.4060880
[ok] d6e4e709f0 method/NL messaging mixed seed=3 {'success': 0.8375, 'steps': 58.725, 'spl': 0.465478998236789
[ok] 148c362fa7 baseline/Symbolic messaging mixed seed=3 {'success': 0.825, 'steps': 64.2, 'spl': 0.4223688416
[ok] 07df374b07 method/NL messaging mixed seed=4 {'success': 0.875, 'steps': 58.9625, 'spl': 0.466989735994656
[ok] 5355dd5f61 baseline/Symbolic messaging mixed seed=4 {'success': 0.8, 'steps': 64.175, 'spl': 0.4156175997
[ok] d2bf49104b method/NL messaging mixed seed=0 {'success': 0.8125, 'steps': 64.7125, 'spl': 0.43969454450562
[ok] 4c9b9442ae baseline/Symbolic messaging mixed seed=0 {'success': 0.85, 'steps': 61.425, 'spl': 0.459638968
[ok] 4433585cca method/NL messaging mixed seed=1 {'success': 0.8, 'steps': 67.9875, 'spl': 0.4227896858733228,
[ok] 64f6efc7a4 baseline/Symbolic messaging mixed seed=1 {'success': 0.8375, 'steps': 67.95, 'spl': 0.44789241
[ok] 2c5cd81281 method/NL messaging mixed seed=2 {'success': 0.7625, 'steps': 72.35, 'spl': 0.3473862580972283
[ok] ede2751cc1 baseline/Symbolic messaging mixed seed=2 {'success': 0.7125, 'steps': 70.6625, 'spl': 0.358673
[ok] 747dae7a0e method/NL messaging mixed seed=3 {'success': 0.8375, 'steps': 63.525, 'spl': 0.434589961827546
[ok] 952e0e19b8 baseline/Symbolic messaging mixed seed=3 {'success': 0.825, 'steps': 68.675, 'spl': 0.38375821
[ok] 9e90631c18 method/NL messaging mixed seed=4 {'success': 0.8125, 'steps': 63.675, 'spl': 0.428650038726088
[ok] 47b3510bb9 baseline/Symbolic messaging mixed seed=4 {'success': 0.7875, 'steps': 67.8375, 'spl': 0.373113
[ok] 490822309c method/NL messaging mixed seed=0 {'success': 0.8125, 'steps': 66.25, 'spl': 0.4248049243344325
[ok] 2afbba8933 baseline/Symbolic messaging mixed seed=0 {'success': 0.8125, 'steps': 66.825, 'spl': 0.4064790
[ok] 3682d891ff method/NL messaging mixed seed=1 {'success': 0.7875, 'steps': 72.4125, 'spl': 0.38727730328739
[ok] 60600e2a3c baseline/Symbolic messaging mixed seed=1 {'success': 0.8125, 'steps': 70.5875, 'spl': 0.403123
[ok] bbbb634b73 method/NL messaging mixed seed=2 {'success': 0.7375, 'steps': 74.9375, 'spl': 0.32479643245765
[ok] a026410036 baseline/Symbolic messaging mixed seed=2 {'success': 0.7, 'steps': 77.025, 'spl': 0.3182639685
[ok] b39d9c227c method/NL messaging mixed seed=3 {'success': 0.7375, 'steps': 70.475, 'spl': 0.350136769309131
[ok] fc75ce7d51 baseline/Symbolic messaging mixed seed=3 {'success': 0.825, 'steps': 70.575, 'spl': 0.37709415
[ok] 3e8c0aace4 method/NL messaging mixed seed=4 {'success': 0.775, 'steps': 68.35, 'spl': 0.37469634832277743
[ok] 120e81726d baseline/Symbolic messaging mixed seed=4 {'success': 0.8, 'steps': 67.5625, 'spl': 0.376086501
[ok] 5bfb9263dd method/NL messaging mixed seed=0 {'success': 0.925, 'steps': 55.45, 'spl': 0.5231906838256946,
[ok] b2447a570f baseline/Symbolic messaging mixed seed=0 {'success': 0.9, 'steps': 54.0625, 'spl': 0.538064698
[ok] 6f96ff274f method/NL messaging mixed seed=1 {'success': 0.9125, 'steps': 58.075, 'spl': 0.537881190097977
[ok] 9547f59782 baseline/Symbolic messaging mixed seed=1 {'success': 0.9125, 'steps': 56.35, 'spl': 0.56100127
[ok] 7f40dbb461 method/NL messaging mixed seed=2 {'success': 0.85, 'steps': 62.4, 'spl': 0.43611238326106816, 
[ok] 665178155a baseline/Symbolic messaging mixed seed=2 {'success': 0.825, 'steps': 61.5375, 'spl': 0.4542322
[ok] 492a4d0585 method/NL messaging mixed seed=3 {'success': 0.8375, 'steps': 57.125, 'spl': 0.467860463716006
[ok] 5611605dd9 baseline/Symbolic messaging mixed seed=3 {'success': 0.85, 'steps': 56.8875, 'spl': 0.48134834
[ok] 497c577f3a method/NL messaging mixed seed=4 {'success': 0.8625, 'steps': 58.4625, 'spl': 0.47129187727691
[ok] 4ab81d2d1d baseline/Symbolic messaging mixed seed=4 {'success': 0.85, 'steps': 57.8125, 'spl': 0.48318411
[ok] 87d15e9000 method/NL messaging mixed seed=0 {'success': 0.8875, 'steps': 58.2875, 'spl': 0.49973114297852
[ok] 4809745479 baseline/Symbolic messaging mixed seed=0 {'success': 0.875, 'steps': 55.5, 'spl': 0.5214951813
[ok] b7f6d09470 method/NL messaging mixed seed=1 {'success': 0.8875, 'steps': 61.5, 'spl': 0.5098142843950353,
[ok] dd6c620966 baseline/Symbolic messaging mixed seed=1 {'success': 0.8875, 'steps': 59.6875, 'spl': 0.530979
[ok] 338b9f2d49 method/NL messaging mixed seed=2 {'success': 0.8, 'steps': 64.8, 'spl': 0.4121165454241032, 'm
[ok] 2eda660a90 baseline/Symbolic messaging mixed seed=2 {'success': 0.825, 'steps': 63.0125, 'spl': 0.4419700
[ok] 5d4319b6a6 method/NL messaging mixed seed=3 {'success': 0.825, 'steps': 58.6375, 'spl': 0.455453775059475
[ok] ef8159b054 baseline/Symbolic messaging mixed seed=3 {'success': 0.8375, 'steps': 59.075, 'spl': 0.4620821
[ok] a74e0b9b6a method/NL messaging mixed seed=4 {'success': 0.85, 'steps': 60.825, 'spl': 0.4489717986106482,
[ok] d90728a777 baseline/Symbolic messaging mixed seed=4 {'success': 0.85, 'steps': 59.2, 'spl': 0.46907008963
[ok] 74daddc730 method/NL messaging mixed seed=0 {'success': 0.85, 'steps': 61.9375, 'spl': 0.4608559923445826
[ok] d8656e55e4 baseline/Symbolic messaging mixed seed=0 {'success': 0.85, 'steps': 59.5125, 'spl': 0.48101464
[ok] ee74f7cf79 method/NL messaging mixed seed=1 {'success': 0.7625, 'steps': 67.9, 'spl': 0.42327695381243596
[ok] 12a46883fa baseline/Symbolic messaging mixed seed=1 {'success': 0.775, 'steps': 66.2125, 'spl': 0.4425032
[ok] f364ef51fa method/NL messaging mixed seed=2 {'success': 0.775, 'steps': 67.6125, 'spl': 0.384125735630292
[ok] 0a84beaba8 baseline/Symbolic messaging mixed seed=2 {'success': 0.775, 'steps': 66.6875, 'spl': 0.3912337
[ok] 9cac8a6073 method/NL messaging mixed seed=3 {'success': 0.725, 'steps': 64.8125, 'spl': 0.398296186936276
[ok] 434431b7a9 baseline/Symbolic messaging mixed seed=3 {'success': 0.7, 'steps': 65.925, 'spl': 0.3890067372
[ok] 49cf7849f3 method/NL messaging mixed seed=4 {'success': 0.7125, 'steps': 65.2875, 'spl': 0.37807034622756
[ok] 2c909d251b baseline/Symbolic messaging mixed seed=4 {'success': 0.725, 'steps': 64.0875, 'spl': 0.3930907
./experiments/run_ablations.sh sweeps2  245.47s user 8.47s system 99% cpu 4:14.55 total
